2026-02-22 19:20:42 ERROR - failed to create the pid file
2026-02-22 19:20:42 INFO - [clash]: time="2026-02-22T19:20:42.159843518+08:00" level=info msg="Start initial configuration in progress"
2026-02-22 19:20:42 INFO - [clash]: time="2026-02-22T19:20:42.161518048+08:00" level=info msg="Geodata Loader mode: memconservative"
2026-02-22 19:20:42 INFO - [clash]: time="2026-02-22T19:20:42.161524971+08:00" level=info msg="Geosite Matcher implementation: succinct"
2026-02-22 19:20:42 INFO - [clash]: time="2026-02-22T19:20:42.164323918+08:00" level=info msg="Load GeoIP rule: cn"
2026-02-22 19:20:42 INFO - [clash]: time="2026-02-22T19:20:42.169519880+08:00" level=info msg="Finished initial GeoIP rule cn => 🇨🇳 国内网站, records: 10552"
2026-02-22 19:20:42 INFO - [clash]: time="2026-02-22T19:20:42.169659622+08:00" level=info msg="Initial configuration complete, total time: 9ms"
2026-02-22 19:20:42 INFO - [clash]: time="2026-02-22T19:20:42.169852844+08:00" level=info msg="RESTful API listening at: 127.0.0.1:9090"
2026-02-22 19:20:42 INFO - [clash]: time="2026-02-22T19:20:42.185583737+08:00" level=info msg="Sniffer is closed"
2026-02-22 19:20:42 INFO - [clash]: time="2026-02-22T19:20:42.185684396+08:00" level=info msg="Mixed(http+socks) proxy listening at: 127.0.0.1:7890"
2026-02-22 19:20:42 INFO - [clash]: time="2026-02-22T19:20:42.185949032+08:00" level=warning msg="[TUN] default interface changed by monitor, => wlp2s0"
2026-02-22 19:20:42 INFO - [clash]: time="2026-02-22T19:20:42.185986142+08:00" level=error msg="Start TUN listening error: configure tun interface: operation not permitted"
2026-02-22 19:20:42 INFO - [clash]: time="2026-02-22T19:20:42.186019164+08:00" level=info msg="Start initial compatible provider 🌩️ Cloudflare"
2026-02-22 19:20:42 INFO - [clash]: time="2026-02-22T19:20:42.186041405+08:00" level=info msg="Start initial compatible provider 📺 动画疯"
2026-02-22 19:20:42 INFO - [clash]: time="2026-02-22T19:20:42.186041285+08:00" level=info msg="Start initial compatible provider 🎮 Steam 商店/社区"
2026-02-22 19:20:42 INFO - [clash]: time="2026-02-22T19:20:42.186029824+08:00" level=info msg="Start initial compatible provider 🎮 Steam 登录/下载"
2026-02-22 19:20:42 INFO - [clash]: time="2026-02-22T19:20:42.186032779+08:00" level=info msg="Start initial compatible provider 🛑 拦截广告"
2026-02-22 19:20:42 INFO - [clash]: time="2026-02-22T19:20:42.186036887+08:00" level=info msg="Start initial compatible provider 🇨🇳 国内网站"
2026-02-22 19:20:42 INFO - [clash]: time="2026-02-22T19:20:42.186035965+08:00" level=info msg="Start initial compatible provider 🎓学术网站"
2026-02-22 19:20:42 INFO - [clash]: time="2026-02-22T19:20:42.186024704+08:00" level=info msg="Start initial compatible provider 🌏 爱奇艺&哔哩哔哩"
2026-02-22 19:20:42 INFO - [clash]: time="2026-02-22T19:20:42.186021538+08:00" level=info msg="Start initial compatible provider default"
2026-02-22 19:20:42 INFO - [clash]: time="2026-02-22T19:20:42.186046685+08:00" level=info msg="Start initial compatible provider 🔰 选择节点"
2026-02-22 19:20:42 INFO - [clash]: time="2026-02-22T19:20:42.186038430+08:00" level=info msg="Start initial compatible provider ☁️ OneDrive"
2026-02-22 19:20:42 INFO - [clash]: time="2026-02-22T19:20:42.186037729+08:00" level=info msg="Start initial compatible provider 🐟 漏网之鱼"
2026-02-22 19:20:42 INFO - running timer task `rkrXK758WWgH`
2026-02-22 19:20:47 INFO - [clash]: time="2026-02-22T19:20:47.219132292+08:00" level=warning msg="[TCP] dial GLOBAL 127.0.0.1:49596 --> ycnx9.no-mad-world.club:443 error: bany1ho-g03.jp01-nn-vm0.entry.fr0528.art:21583 connect error: dns resolve failed: couldn't find ip"
2026-02-22 19:20:47 ERROR - error sending request for url (https://ycnx9.no-mad-world.club/link/yatpM9Zo8IuPmpsm?clash=3&extend=1): error trying to connect: tls handshake eof
2026-02-22 19:22:34 INFO - [clash]: time="2026-02-22T19:22:34.396651496+08:00" level=info msg="[TCP] 127.0.0.1:52460 --> pubsub.codeforces.com:443 using GLOBAL"
2026-02-22 19:22:38 INFO - [clash]: time="2026-02-22T19:22:38.395242541+08:00" level=info msg="[TCP] 127.0.0.1:59968 --> pubsub.codeforces.com:443 using GLOBAL"
2026-02-22 19:22:43 INFO - running timer task `rkrXK758WWgH`
2026-02-22 19:22:43 INFO - [clash]: time="2026-02-22T19:22:43.443144816+08:00" level=info msg="[TCP] 127.0.0.1:59978 --> ycnx9.no-mad-world.club:443 using GLOBAL"
2026-02-22 19:22:45 INFO - [clash]: time="2026-02-22T19:22:45.897260497+08:00" level=info msg="Start initial configuration in progress"
2026-02-22 19:22:45 INFO - [clash]: time="2026-02-22T19:22:45.897794689+08:00" level=info msg="Geodata Loader mode: memconservative"
2026-02-22 19:22:45 INFO - [clash]: time="2026-02-22T19:22:45.897804357+08:00" level=info msg="Geosite Matcher implementation: succinct"
2026-02-22 19:22:45 INFO - [clash]: time="2026-02-22T19:22:45.899955801+08:00" level=info msg="Finished initial GeoIP rule cn => 🇨🇳 国内网站, records: 10552"
2026-02-22 19:22:45 INFO - [clash]: time="2026-02-22T19:22:45.900039427+08:00" level=info msg="Initial configuration complete, total time: 2ms"
2026-02-22 19:22:45 INFO - [clash]: time="2026-02-22T19:22:45.900081817+08:00" level=info msg="Sniffer is closed"
2026-02-22 19:22:45 INFO - [clash]: time="2026-02-22T19:22:45.900315265+08:00" level=warning msg="[TUN] default interface changed by monitor, => wlp2s0"
2026-02-22 19:22:45 INFO - [clash]: time="2026-02-22T19:22:45.900348166+08:00" level=error msg="Start TUN listening error: configure tun interface: operation not permitted"
2026-02-22 19:22:45 INFO - [clash]: time="2026-02-22T19:22:45.900360099+08:00" level=info msg="Start initial compatible provider default"
2026-02-22 19:22:45 INFO - [clash]: time="2026-02-22T19:22:45.900381679+08:00" level=info msg="Start initial compatible provider 🛑 拦截广告"
2026-02-22 19:22:45 INFO - [clash]: time="2026-02-22T19:22:45.900411635+08:00" level=info msg="Start initial compatible provider ☁️ OneDrive"
2026-02-22 19:22:45 INFO - [clash]: time="2026-02-22T19:22:45.900456299+08:00" level=info msg="Start initial compatible provider 🎮 Steam 登录/下载"
2026-02-22 19:22:45 INFO - [clash]: time="2026-02-22T19:22:45.900458293+08:00" level=info msg="Start initial compatible provider 📺 动画疯"
2026-02-22 19:22:45 INFO - [clash]: time="2026-02-22T19:22:45.900460046+08:00" level=info msg="Start initial compatible provider 🐟 漏网之鱼"
2026-02-22 19:22:45 INFO - [clash]: time="2026-02-22T19:22:45.900463773+08:00" level=info msg="Start initial compatible provider 🌏 爱奇艺&哔哩哔哩"
2026-02-22 19:22:45 INFO - [clash]: time="2026-02-22T19:22:45.900463132+08:00" level=info msg="Start initial compatible provider 🎮 Steam 商店/社区"
2026-02-22 19:22:45 INFO - [clash]: time="2026-02-22T19:22:45.900466638+08:00" level=info msg="Start initial compatible provider 🎓学术网站"
2026-02-22 19:22:45 INFO - [clash]: time="2026-02-22T19:22:45.900467700+08:00" level=info msg="Start initial compatible provider 🌩️ Cloudflare"
2026-02-22 19:22:45 INFO - [clash]: time="2026-02-22T19:22:45.900468332+08:00" level=info msg="Start initial compatible provider 🔰 选择节点"
2026-02-22 19:22:45 INFO - [clash]: time="2026-02-22T19:22:45.900469514+08:00" level=info msg="Start initial compatible provider 🇨🇳 国内网站"
2026-02-22 19:23:31 INFO - [clash]: time="2026-02-22T19:23:31.923221739+08:00" level=info msg="Start initial configuration in progress"
2026-02-22 19:23:31 INFO - [clash]: time="2026-02-22T19:23:31.923497606+08:00" level=info msg="Geodata Loader mode: memconservative"
2026-02-22 19:23:31 INFO - [clash]: time="2026-02-22T19:23:31.923509248+08:00" level=info msg="Geosite Matcher implementation: succinct"
2026-02-22 19:23:31 INFO - [clash]: time="2026-02-22T19:23:31.926218126+08:00" level=info msg="Finished initial GeoIP rule cn => 🇨🇳 国内网站, records: 10552"
2026-02-22 19:23:31 INFO - [clash]: time="2026-02-22T19:23:31.926321240+08:00" level=info msg="Initial configuration complete, total time: 3ms"
2026-02-22 19:23:31 INFO - [clash]: time="2026-02-22T19:23:31.926385660+08:00" level=info msg="Sniffer is closed"
2026-02-22 19:23:31 INFO - [clash]: time="2026-02-22T19:23:31.926436967+08:00" level=info msg="Start initial compatible provider 🇨🇳 国内网站"
2026-02-22 19:23:31 INFO - [clash]: time="2026-02-22T19:23:31.926464548+08:00" level=info msg="Start initial compatible provider ☁️ OneDrive"
2026-02-22 19:23:31 INFO - [clash]: time="2026-02-22T19:23:31.926468796+08:00" level=info msg="Start initial compatible provider 🎮 Steam 商店/社区"
2026-02-22 19:23:31 INFO - [clash]: time="2026-02-22T19:23:31.926486910+08:00" level=info msg="Start initial compatible provider 🔰 选择节点"
2026-02-22 19:23:31 INFO - [clash]: time="2026-02-22T19:23:31.926496849+08:00" level=info msg="Start initial compatible provider default"
2026-02-22 19:23:31 INFO - [clash]: time="2026-02-22T19:23:31.926502359+08:00" level=info msg="Start initial compatible provider 🎮 Steam 登录/下载"
2026-02-22 19:23:31 INFO - [clash]: time="2026-02-22T19:23:31.926505816+08:00" level=info msg="Start initial compatible provider 🎓学术网站"
2026-02-22 19:23:31 INFO - [clash]: time="2026-02-22T19:23:31.926512047+08:00" level=info msg="Start initial compatible provider 🌏 爱奇艺&哔哩哔哩"
2026-02-22 19:23:31 INFO - [clash]: time="2026-02-22T19:23:31.926519451+08:00" level=info msg="Start initial compatible provider 📺 动画疯"
2026-02-22 19:23:31 INFO - [clash]: time="2026-02-22T19:23:31.926522527+08:00" level=info msg="Start initial compatible provider 🌩️ Cloudflare"
2026-02-22 19:23:31 INFO - [clash]: time="2026-02-22T19:23:31.926532696+08:00" level=info msg="Start initial compatible provider 🛑 拦截广告"
2026-02-22 19:23:31 INFO - [clash]: time="2026-02-22T19:23:31.926515594+08:00" level=info msg="Start initial compatible provider 🐟 漏网之鱼"
2026-02-22 19:23:43 INFO - running timer task `rkrXK758WWgH`
2026-02-22 19:23:43 INFO - [clash]: time="2026-02-22T19:23:43.285813928+08:00" level=info msg="[TCP] 127.0.0.1:47836 --> ycnx9.no-mad-world.club:443 using GLOBAL"
2026-02-22 19:23:56 INFO - [clash]: time="2026-02-22T19:23:56.938348666+08:00" level=info msg="Start initial configuration in progress"
2026-02-22 19:23:56 INFO - [clash]: time="2026-02-22T19:23:56.938601581+08:00" level=info msg="Geodata Loader mode: memconservative"
2026-02-22 19:23:56 INFO - [clash]: time="2026-02-22T19:23:56.938611659+08:00" level=info msg="Geosite Matcher implementation: succinct"
2026-02-22 19:23:56 INFO - [clash]: time="2026-02-22T19:23:56.940921921+08:00" level=info msg="Finished initial GeoIP rule cn => 🇨🇳 国内网站, records: 10552"
2026-02-22 19:23:56 INFO - [clash]: time="2026-02-22T19:23:56.941017841+08:00" level=info msg="Initial configuration complete, total time: 2ms"
2026-02-22 19:23:56 INFO - [clash]: time="2026-02-22T19:23:56.941085838+08:00" level=info msg="Sniffer is closed"
2026-02-22 19:23:56 INFO - [clash]: time="2026-02-22T19:23:56.941395779+08:00" level=warning msg="[TUN] default interface changed by monitor, => wlp2s0"
2026-02-22 19:23:56 INFO - [clash]: time="2026-02-22T19:23:56.941444020+08:00" level=error msg="Start TUN listening error: configure tun interface: operation not permitted"
2026-02-22 19:23:56 INFO - [clash]: time="2026-02-22T19:23:56.941475258+08:00" level=info msg="Start initial compatible provider default"
2026-02-22 19:23:56 INFO - [clash]: time="2026-02-22T19:23:56.941487932+08:00" level=info msg="Start initial compatible provider 🌏 爱奇艺&哔哩哔哩"
2026-02-22 19:23:56 INFO - [clash]: time="2026-02-22T19:23:56.941501638+08:00" level=info msg="Start initial compatible provider 🎮 Steam 登录/下载"
2026-02-22 19:23:56 INFO - [clash]: time="2026-02-22T19:23:56.941501197+08:00" level=info msg="Start initial compatible provider 🎮 Steam 商店/社区"
2026-02-22 19:23:56 INFO - [clash]: time="2026-02-22T19:23:56.941495737+08:00" level=info msg="Start initial compatible provider 🐟 漏网之鱼"
2026-02-22 19:23:56 INFO - [clash]: time="2026-02-22T19:23:56.941501187+08:00" level=info msg="Start initial compatible provider 🇨🇳 国内网站"
2026-02-22 19:23:56 INFO - [clash]: time="2026-02-22T19:23:56.941491980+08:00" level=info msg="Start initial compatible provider 🛑 拦截广告"
2026-02-22 19:23:56 INFO - [clash]: time="2026-02-22T19:23:56.941491990+08:00" level=info msg="Start initial compatible provider 🔰 选择节点"
2026-02-22 19:23:56 INFO - [clash]: time="2026-02-22T19:23:56.941507248+08:00" level=info msg="Start initial compatible provider 🎓学术网站"
2026-02-22 19:23:56 INFO - [clash]: time="2026-02-22T19:23:56.941507018+08:00" level=info msg="Start initial compatible provider 🌩️ Cloudflare"
2026-02-22 19:23:56 INFO - [clash]: time="2026-02-22T19:23:56.941508330+08:00" level=info msg="Start initial compatible provider 📺 动画疯"
2026-02-22 19:23:56 INFO - [clash]: time="2026-02-22T19:23:56.941508400+08:00" level=info msg="Start initial compatible provider ☁️ OneDrive"
2026-02-22 19:24:04 INFO - [clash]: time="2026-02-22T19:24:04.936003542+08:00" level=info msg="Start initial configuration in progress"
2026-02-22 19:24:04 INFO - [clash]: time="2026-02-22T19:24:04.936359279+08:00" level=info msg="Geodata Loader mode: memconservative"
2026-02-22 19:24:04 INFO - [clash]: time="2026-02-22T19:24:04.936366202+08:00" level=info msg="Geosite Matcher implementation: succinct"
2026-02-22 19:24:04 INFO - [clash]: time="2026-02-22T19:24:04.939922940+08:00" level=info msg="Finished initial GeoIP rule cn => 🇨🇳 国内网站, records: 10552"
2026-02-22 19:24:04 INFO - [clash]: time="2026-02-22T19:24:04.940022397+08:00" level=info msg="Initial configuration complete, total time: 3ms"
2026-02-22 19:24:04 INFO - [clash]: time="2026-02-22T19:24:04.940072741+08:00" level=info msg="Sniffer is closed"
2026-02-22 19:24:04 INFO - [clash]: time="2026-02-22T19:24:04.940311138+08:00" level=warning msg="[TUN] default interface changed by monitor, => wlp2s0"
2026-02-22 19:24:04 INFO - [clash]: time="2026-02-22T19:24:04.940350001+08:00" level=error msg="Start TUN listening error: configure tun interface: operation not permitted"
2026-02-22 19:24:04 INFO - [clash]: time="2026-02-22T19:24:04.940379717+08:00" level=info msg="Start initial compatible provider default"
2026-02-22 19:24:04 INFO - [clash]: time="2026-02-22T19:24:04.940384486+08:00" level=info msg="Start initial compatible provider ☁️ OneDrive"
2026-02-22 19:24:04 INFO - [clash]: time="2026-02-22T19:24:04.940410204+08:00" level=info msg="Start initial compatible provider 🎓学术网站"
2026-02-22 19:24:04 INFO - [clash]: time="2026-02-22T19:24:04.940426064+08:00" level=info msg="Start initial compatible provider 🌩️ Cloudflare"
2026-02-22 19:24:04 INFO - [clash]: time="2026-02-22T19:24:04.940437625+08:00" level=info msg="Start initial compatible provider 🐟 漏网之鱼"
2026-02-22 19:24:04 INFO - [clash]: time="2026-02-22T19:24:04.940449418+08:00" level=info msg="Start initial compatible provider 📺 动画疯"
2026-02-22 19:24:04 INFO - [clash]: time="2026-02-22T19:24:04.940452073+08:00" level=info msg="Start initial compatible provider 🛑 拦截广告"
2026-02-22 19:24:04 INFO - [clash]: time="2026-02-22T19:24:04.940459907+08:00" level=info msg="Start initial compatible provider 🔰 选择节点"
2026-02-22 19:24:04 INFO - [clash]: time="2026-02-22T19:24:04.940461801+08:00" level=info msg="Start initial compatible provider 🎮 Steam 商店/社区"
2026-02-22 19:24:04 INFO - [clash]: time="2026-02-22T19:24:04.940456491+08:00" level=info msg="Start initial compatible provider 🌏 爱奇艺&哔哩哔哩"
2026-02-22 19:24:04 INFO - [clash]: time="2026-02-22T19:24:04.940459917+08:00" level=info msg="Start initial compatible provider 🇨🇳 国内网站"
2026-02-22 19:24:04 INFO - [clash]: time="2026-02-22T19:24:04.940474945+08:00" level=info msg="Start initial compatible provider 🎮 Steam 登录/下载"
2026-02-22 19:24:43 INFO - running timer task `rkrXK758WWgH`
2026-02-22 19:24:43 INFO - [clash]: time="2026-02-22T19:24:43.380629538+08:00" level=info msg="[TCP] 127.0.0.1:42182 --> ycnx9.no-mad-world.club:443 using GLOBAL"
2026-02-22 19:24:45 INFO - [clash]: time="2026-02-22T19:24:45.118061388+08:00" level=info msg="Start initial configuration in progress"
2026-02-22 19:24:45 INFO - [clash]: time="2026-02-22T19:24:45.118384213+08:00" level=info msg="Geodata Loader mode: memconservative"
2026-02-22 19:24:45 INFO - [clash]: time="2026-02-22T19:24:45.118391707+08:00" level=info msg="Geosite Matcher implementation: succinct"
2026-02-22 19:24:45 INFO - [clash]: time="2026-02-22T19:24:45.121223797+08:00" level=info msg="Finished initial GeoIP rule cn => 🇨🇳 国内网站, records: 10552"
2026-02-22 19:24:45 INFO - [clash]: time="2026-02-22T19:24:45.121397693+08:00" level=info msg="Initial configuration complete, total time: 3ms"
2026-02-22 19:24:45 INFO - [clash]: time="2026-02-22T19:24:45.121517347+08:00" level=info msg="Sniffer is closed"
2026-02-22 19:24:45 INFO - [clash]: time="2026-02-22T19:24:45.121981798+08:00" level=warning msg="[TUN] default interface changed by monitor, => wlp2s0"
2026-02-22 19:24:45 INFO - [clash]: time="2026-02-22T19:24:45.122015301+08:00" level=error msg="Start TUN listening error: configure tun interface: operation not permitted"
2026-02-22 19:24:45 INFO - [clash]: time="2026-02-22T19:24:45.122028876+08:00" level=info msg="Start initial compatible provider 📺 动画疯"
2026-02-22 19:24:45 INFO - [clash]: time="2026-02-22T19:24:45.122049054+08:00" level=info msg="Start initial compatible provider default"
2026-02-22 19:24:45 INFO - [clash]: time="2026-02-22T19:24:45.122064433+08:00" level=info msg="Start initial compatible provider 🛑 拦截广告"
2026-02-22 19:24:45 INFO - [clash]: time="2026-02-22T19:24:45.122083639+08:00" level=info msg="Start initial compatible provider 🎮 Steam 商店/社区"
2026-02-22 19:24:45 INFO - [clash]: time="2026-02-22T19:24:45.122065605+08:00" level=info msg="Start initial compatible provider 🐟 漏网之鱼"
2026-02-22 19:24:45 INFO - [clash]: time="2026-02-22T19:24:45.122070975+08:00" level=info msg="Start initial compatible provider 🇨🇳 国内网站"
2026-02-22 19:24:45 INFO - [clash]: time="2026-02-22T19:24:45.122077227+08:00" level=info msg="Start initial compatible provider 🌩️ Cloudflare"
2026-02-22 19:24:45 INFO - [clash]: time="2026-02-22T19:24:45.122079301+08:00" level=info msg="Start initial compatible provider 🔰 选择节点"
2026-02-22 19:24:45 INFO - [clash]: time="2026-02-22T19:24:45.122079531+08:00" level=info msg="Start initial compatible provider 🎮 Steam 登录/下载"
2026-02-22 19:24:45 INFO - [clash]: time="2026-02-22T19:24:45.122084972+08:00" level=info msg="Start initial compatible provider 🎓学术网站"
2026-02-22 19:24:45 INFO - [clash]: time="2026-02-22T19:24:45.122086715+08:00" level=info msg="Start initial compatible provider 🌏 爱奇艺&哔哩哔哩"
2026-02-22 19:24:45 INFO - [clash]: time="2026-02-22T19:24:45.122103086+08:00" level=info msg="Start initial compatible provider ☁️ OneDrive"
2026-02-22 19:25:43 INFO - running timer task `rkrXK758WWgH`
2026-02-22 19:25:43 INFO - [clash]: time="2026-02-22T19:25:43.793941975+08:00" level=info msg="[TCP] 127.0.0.1:46784 --> ycnx9.no-mad-world.club:443 using GLOBAL"
2026-02-22 19:25:45 INFO - [clash]: time="2026-02-22T19:25:45.158693903+08:00" level=info msg="Start initial configuration in progress"
2026-02-22 19:25:45 INFO - [clash]: time="2026-02-22T19:25:45.159152893+08:00" level=info msg="Geodata Loader mode: memconservative"
2026-02-22 19:25:45 INFO - [clash]: time="2026-02-22T19:25:45.159162311+08:00" level=info msg="Geosite Matcher implementation: succinct"
2026-02-22 19:25:45 INFO - [clash]: time="2026-02-22T19:25:45.162118724+08:00" level=info msg="Finished initial GeoIP rule cn => 🇨🇳 国内网站, records: 10552"
2026-02-22 19:25:45 INFO - [clash]: time="2026-02-22T19:25:45.162199736+08:00" level=info msg="Initial configuration complete, total time: 3ms"
2026-02-22 19:25:45 INFO - [clash]: time="2026-02-22T19:25:45.162252565+08:00" level=info msg="Sniffer is closed"
2026-02-22 19:25:45 INFO - [clash]: time="2026-02-22T19:25:45.162504217+08:00" level=warning msg="[TUN] default interface changed by monitor, => wlp2s0"
2026-02-22 19:25:45 INFO - [clash]: time="2026-02-22T19:25:45.162536948+08:00" level=error msg="Start TUN listening error: configure tun interface: operation not permitted"
2026-02-22 19:25:45 INFO - [clash]: time="2026-02-22T19:25:45.162561915+08:00" level=info msg="Start initial compatible provider 🎮 Steam 登录/下载"
2026-02-22 19:25:45 INFO - [clash]: time="2026-02-22T19:25:45.162580049+08:00" level=info msg="Start initial compatible provider 🌏 爱奇艺&哔哩哔哩"
2026-02-22 19:25:45 INFO - [clash]: time="2026-02-22T19:25:45.162607651+08:00" level=info msg="Start initial compatible provider 🛑 拦截广告"
2026-02-22 19:25:45 INFO - [clash]: time="2026-02-22T19:25:45.162623540+08:00" level=info msg="Start initial compatible provider 🔰 选择节点"
2026-02-22 19:25:45 INFO - [clash]: time="2026-02-22T19:25:45.162637126+08:00" level=info msg="Start initial compatible provider default"
2026-02-22 19:25:45 INFO - [clash]: time="2026-02-22T19:25:45.162644981+08:00" level=info msg="Start initial compatible provider 🐟 漏网之鱼"
2026-02-22 19:25:45 INFO - [clash]: time="2026-02-22T19:25:45.162652174+08:00" level=info msg="Start initial compatible provider ☁️ OneDrive"
2026-02-22 19:25:45 INFO - [clash]: time="2026-02-22T19:25:45.162669867+08:00" level=info msg="Start initial compatible provider 🎓学术网站"
2026-02-22 19:25:45 INFO - [clash]: time="2026-02-22T19:25:45.162648427+08:00" level=info msg="Start initial compatible provider 📺 动画疯"
2026-02-22 19:25:45 INFO - [clash]: time="2026-02-22T19:25:45.162649679+08:00" level=info msg="Start initial compatible provider 🎮 Steam 商店/社区"
2026-02-22 19:25:45 INFO - [clash]: time="2026-02-22T19:25:45.162645271+08:00" level=info msg="Start initial compatible provider 🌩️ Cloudflare"
2026-02-22 19:25:45 INFO - [clash]: time="2026-02-22T19:25:45.162652645+08:00" level=info msg="Start initial compatible provider 🇨🇳 国内网站"
2026-02-22 19:26:11 INFO - [clash]: time="2026-02-22T19:26:11.938005488+08:00" level=info msg="[TCP] 127.0.0.1:51056 --> ycnx9.no-mad-world.club:443 using GLOBAL"
2026-02-22 19:26:14 INFO - [clash]: time="2026-02-22T19:26:14.075965021+08:00" level=info msg="Start initial configuration in progress"
2026-02-22 19:26:14 INFO - [clash]: time="2026-02-22T19:26:14.076340685+08:00" level=info msg="Geodata Loader mode: memconservative"
2026-02-22 19:26:14 INFO - [clash]: time="2026-02-22T19:26:14.076349752+08:00" level=info msg="Geosite Matcher implementation: succinct"
2026-02-22 19:26:14 INFO - [clash]: time="2026-02-22T19:26:14.080613276+08:00" level=info msg="Finished initial GeoIP rule cn => 🇨🇳 国内网站, records: 10552"
2026-02-22 19:26:14 INFO - [clash]: time="2026-02-22T19:26:14.080746596+08:00" level=info msg="Initial configuration complete, total time: 4ms"
2026-02-22 19:26:14 INFO - [clash]: time="2026-02-22T19:26:14.080812870+08:00" level=info msg="Sniffer is closed"
2026-02-22 19:26:14 INFO - [clash]: time="2026-02-22T19:26:14.081190177+08:00" level=warning msg="[TUN] default interface changed by monitor, => wlp2s0"
2026-02-22 19:26:14 INFO - [clash]: time="2026-02-22T19:26:14.081246463+08:00" level=error msg="Start TUN listening error: configure tun interface: operation not permitted"
2026-02-22 19:26:14 INFO - [clash]: time="2026-02-22T19:26:14.081304462+08:00" level=info msg="Start initial compatible provider 🎮 Steam 登录/下载"
2026-02-22 19:26:14 INFO - [clash]: time="2026-02-22T19:26:14.081352752+08:00" level=info msg="Start initial compatible provider 🐟 漏网之鱼"
2026-02-22 19:26:14 INFO - [clash]: time="2026-02-22T19:26:14.081375154+08:00" level=info msg="Start initial compatible provider 🔰 选择节点"
2026-02-22 19:26:14 INFO - [clash]: time="2026-02-22T19:26:14.081356509+08:00" level=info msg="Start initial compatible provider 🎓学术网站"
2026-02-22 19:26:14 INFO - [clash]: time="2026-02-22T19:26:14.081359004+08:00" level=info msg="Start initial compatible provider 🛑 拦截广告"
2026-02-22 19:26:14 INFO - [clash]: time="2026-02-22T19:26:14.081359665+08:00" level=info msg="Start initial compatible provider 📺 动画疯"
2026-02-22 19:26:14 INFO - [clash]: time="2026-02-22T19:26:14.081364835+08:00" level=info msg="Start initial compatible provider default"
2026-02-22 19:26:14 INFO - [clash]: time="2026-02-22T19:26:14.081366749+08:00" level=info msg="Start initial compatible provider 🇨🇳 国内网站"
2026-02-22 19:26:14 INFO - [clash]: time="2026-02-22T19:26:14.081366899+08:00" level=info msg="Start initial compatible provider 🌏 爱奇艺&哔哩哔哩"
2026-02-22 19:26:14 INFO - [clash]: time="2026-02-22T19:26:14.081366929+08:00" level=info msg="Start initial compatible provider 🌩️ Cloudflare"
2026-02-22 19:26:14 INFO - [clash]: time="2026-02-22T19:26:14.081371287+08:00" level=info msg="Start initial compatible provider ☁️ OneDrive"
2026-02-22 19:26:14 INFO - [clash]: time="2026-02-22T19:26:14.081376146+08:00" level=info msg="Start initial compatible provider 🎮 Steam 商店/社区"
2026-02-22 19:27:32 INFO - reset proxy to the original proxy
2026-02-22 19:27:32 INFO - clash core terminated
