2026-02-22 19:04:49 ERROR - failed to create the pid file
2026-02-22 19:04:49 INFO - [clash]: time="2026-02-22T19:04:49.776062252+08:00" level=info msg="Start initial configuration in progress"
2026-02-22 19:04:49 INFO - [clash]: time="2026-02-22T19:04:49.776507707+08:00" level=info msg="Geodata Loader mode: memconservative"
2026-02-22 19:04:49 INFO - [clash]: time="2026-02-22T19:04:49.776515992+08:00" level=info msg="Geosite Matcher implementation: succinct"
2026-02-22 19:04:49 INFO - [clash]: time="2026-02-22T19:04:49.778990752+08:00" level=info msg="Load GeoIP rule: cn"
2026-02-22 19:04:49 INFO - [clash]: time="2026-02-22T19:04:49.783673722+08:00" level=info msg="Finished initial GeoIP rule cn => 🇨🇳 国内网站, records: 10552"
2026-02-22 19:04:49 INFO - [clash]: time="2026-02-22T19:04:49.783923000+08:00" level=info msg="Initial configuration complete, total time: 7ms"
2026-02-22 19:04:49 INFO - [clash]: time="2026-02-22T19:04:49.784165805+08:00" level=info msg="RESTful API listening at: 127.0.0.1:9090"
2026-02-22 19:04:49 INFO - [clash]: time="2026-02-22T19:04:49.798787989+08:00" level=info msg="Sniffer is closed"
2026-02-22 19:04:49 INFO - [clash]: time="2026-02-22T19:04:49.798913004+08:00" level=info msg="Mixed(http+socks) proxy listening at: 127.0.0.1:7890"
2026-02-22 19:04:49 INFO - [clash]: time="2026-02-22T19:04:49.799226251+08:00" level=warning msg="[TUN] default interface changed by monitor, => wlp2s0"
2026-02-22 19:04:49 INFO - [clash]: time="2026-02-22T19:04:49.799258972+08:00" level=error msg="Start TUN listening error: configure tun interface: operation not permitted"
2026-02-22 19:04:49 INFO - [clash]: time="2026-02-22T19:04:49.799305099+08:00" level=info msg="Start initial compatible provider 🎮 Steam 商店/社区"
2026-02-22 19:04:49 INFO - [clash]: time="2026-02-22T19:04:49.799322251+08:00" level=info msg="Start initial compatible provider ☁️ OneDrive"
2026-02-22 19:04:49 INFO - [clash]: time="2026-02-22T19:04:49.799314076+08:00" level=info msg="Start initial compatible provider 🐟 漏网之鱼"
2026-02-22 19:04:49 INFO - [clash]: time="2026-02-22T19:04:49.799316650+08:00" level=info msg="Start initial compatible provider default"
2026-02-22 19:04:49 INFO - [clash]: time="2026-02-22T19:04:49.799358920+08:00" level=info msg="Start initial compatible provider 🇨🇳 国内网站"
2026-02-22 19:04:49 INFO - [clash]: time="2026-02-22T19:04:49.799369439+08:00" level=info msg="Start initial compatible provider 🛑 拦截广告"
2026-02-22 19:04:49 INFO - [clash]: time="2026-02-22T19:04:49.799382344+08:00" level=info msg="Start initial compatible provider 🎓学术网站"
2026-02-22 19:04:49 INFO - [clash]: time="2026-02-22T19:04:49.799386602+08:00" level=info msg="Start initial compatible provider 🎮 Steam 登录/下载"
2026-02-22 19:04:49 INFO - [clash]: time="2026-02-22T19:04:49.799397292+08:00" level=info msg="Start initial compatible provider 🔰 选择节点"
2026-02-22 19:04:49 INFO - [clash]: time="2026-02-22T19:04:49.799402361+08:00" level=info msg="Start initial compatible provider 🌩️ Cloudflare"
2026-02-22 19:04:49 INFO - [clash]: time="2026-02-22T19:04:49.799403363+08:00" level=info msg="Start initial compatible provider 🌏 爱奇艺&哔哩哔哩"
2026-02-22 19:04:49 INFO - [clash]: time="2026-02-22T19:04:49.799392312+08:00" level=info msg="Start initial compatible provider 📺 动画疯"
2026-02-22 19:04:49 INFO - running timer task `rkrXK758WWgH`
2026-02-22 19:04:50 INFO - [clash]: time="2026-02-22T19:04:50.248917889+08:00" level=info msg="[TCP] 127.0.0.1:33158 --> ycnx9.no-mad-world.club:443 using GLOBAL"
2026-02-22 19:04:51 INFO - [clash]: time="2026-02-22T19:04:51.955774265+08:00" level=info msg="Start initial configuration in progress"
2026-02-22 19:04:51 INFO - [clash]: time="2026-02-22T19:04:51.956281566+08:00" level=info msg="Geodata Loader mode: memconservative"
2026-02-22 19:04:51 INFO - [clash]: time="2026-02-22T19:04:51.956287998+08:00" level=info msg="Geosite Matcher implementation: succinct"
2026-02-22 19:04:51 INFO - [clash]: time="2026-02-22T19:04:51.959337315+08:00" level=info msg="Finished initial GeoIP rule cn => 🇨🇳 国内网站, records: 10552"
2026-02-22 19:04:51 INFO - [clash]: time="2026-02-22T19:04:51.959427213+08:00" level=info msg="Initial configuration complete, total time: 3ms"
2026-02-22 19:04:51 INFO - [clash]: time="2026-02-22T19:04:51.959475644+08:00" level=info msg="Sniffer is closed"
2026-02-22 19:04:51 INFO - [clash]: time="2026-02-22T19:04:51.959722557+08:00" level=warning msg="[TUN] default interface changed by monitor, => wlp2s0"
2026-02-22 19:04:51 INFO - [clash]: time="2026-02-22T19:04:51.959755940+08:00" level=error msg="Start TUN listening error: configure tun interface: operation not permitted"
2026-02-22 19:04:51 INFO - [clash]: time="2026-02-22T19:04:51.959776288+08:00" level=info msg="Start initial compatible provider 🎓学术网站"
2026-02-22 19:04:51 INFO - [clash]: time="2026-02-22T19:04:51.959796365+08:00" level=info msg="Start initial compatible provider 🛑 拦截广告"
2026-02-22 19:04:51 INFO - [clash]: time="2026-02-22T19:04:51.959824368+08:00" level=info msg="Start initial compatible provider ☁️ OneDrive"
2026-02-22 19:04:51 INFO - [clash]: time="2026-02-22T19:04:51.959840138+08:00" level=info msg="Start initial compatible provider 🎮 Steam 登录/下载"
2026-02-22 19:04:51 INFO - [clash]: time="2026-02-22T19:04:51.959853182+08:00" level=info msg="Start initial compatible provider 🇨🇳 国内网站"
2026-02-22 19:04:51 INFO - [clash]: time="2026-02-22T19:04:51.959864383+08:00" level=info msg="Start initial compatible provider 🌏 爱奇艺&哔哩哔哩"
2026-02-22 19:04:51 INFO - [clash]: time="2026-02-22T19:04:51.959870975+08:00" level=info msg="Start initial compatible provider 🎮 Steam 商店/社区"
2026-02-22 19:04:51 INFO - [clash]: time="2026-02-22T19:04:51.959858712+08:00" level=info msg="Start initial compatible provider 📺 动画疯"
2026-02-22 19:04:51 INFO - [clash]: time="2026-02-22T19:04:51.959861458+08:00" level=info msg="Start initial compatible provider default"
2026-02-22 19:04:51 INFO - [clash]: time="2026-02-22T19:04:51.959866287+08:00" level=info msg="Start initial compatible provider 🐟 漏网之鱼"
2026-02-22 19:04:51 INFO - [clash]: time="2026-02-22T19:04:51.959874091+08:00" level=info msg="Start initial compatible provider 🌩️ Cloudflare"
2026-02-22 19:04:51 INFO - [clash]: time="2026-02-22T19:04:51.959883399+08:00" level=info msg="Start initial compatible provider 🔰 选择节点"
