2026-02-22 11:17:32 ERROR - failed to create the pid file
2026-02-22 11:17:32 INFO - [clash]: time="2026-02-22T11:17:32.657536563+08:00" level=info msg="Start initial configuration in progress"
2026-02-22 11:17:32 INFO - [clash]: time="2026-02-22T11:17:32.657898071+08:00" level=info msg="Geodata Loader mode: memconservative"
2026-02-22 11:17:32 INFO - [clash]: time="2026-02-22T11:17:32.657903872+08:00" level=info msg="Geosite Matcher implementation: succinct"
2026-02-22 11:17:32 INFO - [clash]: time="2026-02-22T11:17:32.660405903+08:00" level=info msg="Load GeoIP rule: cn"
2026-02-22 11:17:32 INFO - [clash]: time="2026-02-22T11:17:32.666783730+08:00" level=info msg="Finished initial GeoIP rule cn => 🇨🇳 国内网站, records: 10552"
2026-02-22 11:17:32 INFO - [clash]: time="2026-02-22T11:17:32.666917261+08:00" level=info msg="Initial configuration complete, total time: 9ms"
2026-02-22 11:17:32 INFO - [clash]: time="2026-02-22T11:17:32.667111525+08:00" level=info msg="RESTful API listening at: 127.0.0.1:9090"
2026-02-22 11:17:32 INFO - [clash]: time="2026-02-22T11:17:32.682616394+08:00" level=info msg="Sniffer is closed"
2026-02-22 11:17:32 INFO - [clash]: time="2026-02-22T11:17:32.682785952+08:00" level=info msg="Mixed(http+socks) proxy listening at: 127.0.0.1:7890"
2026-02-22 11:17:32 INFO - [clash]: time="2026-02-22T11:17:32.683131761+08:00" level=warning msg="[TUN] default interface changed by monitor, => wlp2s0"
2026-02-22 11:17:32 INFO - [clash]: time="2026-02-22T11:17:32.683176935+08:00" level=error msg="Start TUN listening error: configure tun interface: operation not permitted"
2026-02-22 11:17:32 INFO - [clash]: time="2026-02-22T11:17:32.683209536+08:00" level=info msg="Start initial compatible provider 🛑 拦截广告"
2026-02-22 11:17:32 INFO - [clash]: time="2026-02-22T11:17:32.683234533+08:00" level=info msg="Start initial compatible provider 🎮 Steam 商店/社区"
2026-02-22 11:17:32 INFO - [clash]: time="2026-02-22T11:17:32.683241797+08:00" level=info msg="Start initial compatible provider default"
2026-02-22 11:17:32 INFO - [clash]: time="2026-02-22T11:17:32.683246446+08:00" level=info msg="Start initial compatible provider ☁️ OneDrive"
2026-02-22 11:17:32 INFO - [clash]: time="2026-02-22T11:17:32.683254611+08:00" level=info msg="Start initial compatible provider 🔰 选择节点"
2026-02-22 11:17:32 INFO - [clash]: time="2026-02-22T11:17:32.683262115+08:00" level=info msg="Start initial compatible provider 🎓学术网站"
2026-02-22 11:17:32 INFO - [clash]: time="2026-02-22T11:17:32.683271222+08:00" level=info msg="Start initial compatible provider 🎮 Steam 登录/下载"
2026-02-22 11:17:32 INFO - [clash]: time="2026-02-22T11:17:32.683281511+08:00" level=info msg="Start initial compatible provider 📺 动画疯"
2026-02-22 11:17:32 INFO - [clash]: time="2026-02-22T11:17:32.683286190+08:00" level=info msg="Start initial compatible provider 🌏 爱奇艺&哔哩哔哩"
2026-02-22 11:17:32 INFO - [clash]: time="2026-02-22T11:17:32.683288264+08:00" level=info msg="Start initial compatible provider 🌩️ Cloudflare"
2026-02-22 11:17:32 INFO - [clash]: time="2026-02-22T11:17:32.683289546+08:00" level=info msg="Start initial compatible provider 🇨🇳 国内网站"
2026-02-22 11:17:32 INFO - [clash]: time="2026-02-22T11:17:32.683300938+08:00" level=info msg="Start initial compatible provider 🐟 漏网之鱼"
2026-02-22 11:17:32 INFO - running timer task `rkrXK758WWgH`
2026-02-22 11:17:35 INFO - [clash]: time="2026-02-22T11:17:35.157391759+08:00" level=info msg="[TCP] 127.0.0.1:53730 --> ycnx9.no-mad-world.club:443 using GLOBAL"
2026-02-22 11:17:39 INFO - [clash]: time="2026-02-22T11:17:39.141965524+08:00" level=info msg="[TCP] 127.0.0.1:54070 --> ycnx9.no-mad-world.club:443 using GLOBAL"
2026-02-22 11:17:51 ERROR - error sending request for url (https://ycnx9.no-mad-world.club/link/yatpM9Zo8IuPmpsm?clash=3&extend=1): error trying to connect: tls handshake eof
2026-02-22 11:17:51 ERROR - error sending request for url (https://ycnx9.no-mad-world.club/link/yatpM9Zo8IuPmpsm?clash=3&extend=1): error trying to connect: tls handshake eof
2026-02-22 11:18:01 INFO - [clash]: time="2026-02-22T11:18:01.939046929+08:00" level=info msg="[TCP] 127.0.0.1:48828 --> ycnx9.no-mad-world.club:443 using GLOBAL"
2026-02-22 11:18:39 INFO - reset proxy to the original proxy
