2026-02-21 22:20:31 ERROR - failed to create the pid file
2026-02-21 22:20:31 INFO - [clash]: time="2026-02-21T22:20:31.657938233+08:00" level=info msg="Start initial configuration in progress"
2026-02-21 22:20:31 INFO - [clash]: time="2026-02-21T22:20:31.658338779+08:00" level=info msg="Geodata Loader mode: memconservative"
2026-02-21 22:20:31 INFO - [clash]: time="2026-02-21T22:20:31.658344540+08:00" level=info msg="Geosite Matcher implementation: succinct"
2026-02-21 22:20:31 INFO - [clash]: time="2026-02-21T22:20:31.660973647+08:00" level=info msg="Load GeoIP rule: cn"
2026-02-21 22:20:31 INFO - [clash]: time="2026-02-21T22:20:31.670029013+08:00" level=info msg="Finished initial GeoIP rule cn => 🇨🇳 国内网站, records: 10552"
2026-02-21 22:20:31 INFO - [clash]: time="2026-02-21T22:20:31.670225433+08:00" level=info msg="Initial configuration complete, total time: 12ms"
2026-02-21 22:20:31 INFO - [clash]: time="2026-02-21T22:20:31.671058194+08:00" level=info msg="RESTful API listening at: 127.0.0.1:9090"
2026-02-21 22:20:31 INFO - [clash]: time="2026-02-21T22:20:31.702264319+08:00" level=info msg="Sniffer is closed"
2026-02-21 22:20:31 INFO - [clash]: time="2026-02-21T22:20:31.702442395+08:00" level=info msg="Mixed(http+socks) proxy listening at: 127.0.0.1:7890"
2026-02-21 22:20:31 INFO - [clash]: time="2026-02-21T22:20:31.702855814+08:00" level=warning msg="[TUN] default interface changed by monitor, => wlp2s0"
2026-02-21 22:20:31 INFO - [clash]: time="2026-02-21T22:20:31.708670849+08:00" level=error msg="Start TUN listening error: configure tun interface: operation not permitted"
2026-02-21 22:20:31 INFO - [clash]: time="2026-02-21T22:20:31.708778823+08:00" level=info msg="Start initial compatible provider 🎓学术网站"
2026-02-21 22:20:31 INFO - [clash]: time="2026-02-21T22:20:31.708817767+08:00" level=info msg="Start initial compatible provider 🎮 Steam 商店/社区"
2026-02-21 22:20:31 INFO - [clash]: time="2026-02-21T22:20:31.708832554+08:00" level=info msg="Start initial compatible provider ☁️ OneDrive"
2026-02-21 22:20:31 INFO - [clash]: time="2026-02-21T22:20:31.708805073+08:00" level=info msg="Start initial compatible provider 🇨🇳 国内网站"
2026-02-21 22:20:31 INFO - [clash]: time="2026-02-21T22:20:31.708807207+08:00" level=info msg="Start initial compatible provider default"
2026-02-21 22:20:31 INFO - [clash]: time="2026-02-21T22:20:31.708807908+08:00" level=info msg="Start initial compatible provider 🔰 选择节点"
2026-02-21 22:20:31 INFO - [clash]: time="2026-02-21T22:20:31.708808980+08:00" level=info msg="Start initial compatible provider 🐟 漏网之鱼"
2026-02-21 22:20:31 INFO - [clash]: time="2026-02-21T22:20:31.708811034+08:00" level=info msg="Start initial compatible provider 🌩️ Cloudflare"
2026-02-21 22:20:31 INFO - [clash]: time="2026-02-21T22:20:31.708811986+08:00" level=info msg="Start initial compatible provider 🛑 拦截广告"
2026-02-21 22:20:31 INFO - [clash]: time="2026-02-21T22:20:31.708792509+08:00" level=info msg="Start initial compatible provider 🌏 爱奇艺&哔哩哔哩"
2026-02-21 22:20:31 INFO - [clash]: time="2026-02-21T22:20:31.708805874+08:00" level=info msg="Start initial compatible provider 📺 动画疯"
2026-02-21 22:20:31 INFO - [clash]: time="2026-02-21T22:20:31.708816214+08:00" level=info msg="Start initial compatible provider 🎮 Steam 登录/下载"
2026-02-21 22:20:31 INFO - running timer task `rkrXK758WWgH`
2026-02-21 22:20:31 INFO - [clash]: time="2026-02-21T22:20:31.949157563+08:00" level=info msg="[TCP] 127.0.0.1:49834 --> ycnx9.no-mad-world.club:443 using GLOBAL"
2026-02-21 22:20:33 INFO - [clash]: time="2026-02-21T22:20:33.566082472+08:00" level=info msg="Start initial configuration in progress"
2026-02-21 22:20:33 INFO - [clash]: time="2026-02-21T22:20:33.566841974+08:00" level=info msg="Geodata Loader mode: memconservative"
2026-02-21 22:20:33 INFO - [clash]: time="2026-02-21T22:20:33.566859047+08:00" level=info msg="Geosite Matcher implementation: succinct"
2026-02-21 22:20:33 INFO - [clash]: time="2026-02-21T22:20:33.576018458+08:00" level=info msg="Finished initial GeoIP rule cn => 🇨🇳 国内网站, records: 10552"
2026-02-21 22:20:33 INFO - [clash]: time="2026-02-21T22:20:33.576952770+08:00" level=info msg="Initial configuration complete, total time: 10ms"
2026-02-21 22:20:33 INFO - [clash]: time="2026-02-21T22:20:33.577376519+08:00" level=info msg="Sniffer is closed"
2026-02-21 22:20:33 INFO - [clash]: time="2026-02-21T22:20:33.578212536+08:00" level=warning msg="[TUN] default interface changed by monitor, => wlp2s0"
2026-02-21 22:20:33 INFO - [clash]: time="2026-02-21T22:20:33.578279883+08:00" level=error msg="Start TUN listening error: configure tun interface: operation not permitted"
2026-02-21 22:20:33 INFO - [clash]: time="2026-02-21T22:20:33.578341980+08:00" level=info msg="Start initial compatible provider 📺 动画疯"
2026-02-21 22:20:33 INFO - [clash]: time="2026-02-21T22:20:33.578342170+08:00" level=info msg="Start initial compatible provider 🎓学术网站"
2026-02-21 22:20:33 INFO - [clash]: time="2026-02-21T22:20:33.578386464+08:00" level=info msg="Start initial compatible provider ☁️ OneDrive"
2026-02-21 22:20:33 INFO - [clash]: time="2026-02-21T22:20:33.578388047+08:00" level=info msg="Start initial compatible provider 🇨🇳 国内网站"
2026-02-21 22:20:33 INFO - [clash]: time="2026-02-21T22:20:33.578413244+08:00" level=info msg="Start initial compatible provider 🎮 Steam 商店/社区"
2026-02-21 22:20:33 INFO - [clash]: time="2026-02-21T22:20:33.578417733+08:00" level=info msg="Start initial compatible provider 🔰 选择节点"
2026-02-21 22:20:33 INFO - [clash]: time="2026-02-21T22:20:33.578398827+08:00" level=info msg="Start initial compatible provider 🌏 爱奇艺&哔哩哔哩"
2026-02-21 22:20:33 INFO - [clash]: time="2026-02-21T22:20:33.578403366+08:00" level=info msg="Start initial compatible provider 🎮 Steam 登录/下载"
2026-02-21 22:20:33 INFO - [clash]: time="2026-02-21T22:20:33.578404939+08:00" level=info msg="Start initial compatible provider default"
2026-02-21 22:20:33 INFO - [clash]: time="2026-02-21T22:20:33.578410469+08:00" level=info msg="Start initial compatible provider 🛑 拦截广告"
2026-02-21 22:20:33 INFO - [clash]: time="2026-02-21T22:20:33.578421560+08:00" level=info msg="Start initial compatible provider 🐟 漏网之鱼"
2026-02-21 22:20:33 INFO - [clash]: time="2026-02-21T22:20:33.578393357+08:00" level=info msg="Start initial compatible provider 🌩️ Cloudflare"
2026-02-21 22:20:43 INFO - reset proxy by disabling the original proxy
2026-02-21 22:20:43 INFO - clash core terminated
